########## DEPS ##########
=== pinning flashlight v7.6.241 ===
go: downloading github.com/getlantern/flashlight/v7 v7.6.241
go: downloading github.com/getlantern/detour v0.0.0-20230503144615-d3106a68f79e
go: downloading github.com/getlantern/common v1.2.1-0.20230427204521-6ac18c21db39
go: downloading github.com/getlantern/dnsgrab v0.0.0-20211216020425-5d5e155a01a8
go: downloading github.com/getlantern/errors v1.0.4
go: downloading github.com/getlantern/eventual/v2 v2.0.2
go: downloading github.com/getlantern/golog v0.0.0-20230503153817-8e72de7e0a65
go: downloading github.com/getlantern/netx v0.0.0-20240814210628-0984f52e2d18
go: downloading github.com/jaffee/commandeer v0.6.0
go: downloading github.com/mitchellh/mapstructure v1.5.0
go: downloading github.com/getlantern/eventual v1.0.0
go: downloading google.golang.org/protobuf v1.36.5
go: downloading github.com/Jigsaw-Code/outline-sdk v0.0.19
go: downloading github.com/OperatorFoundation/Replicant-go/Replicant/v3 v3.0.23
go: downloading github.com/OperatorFoundation/Starbridge-go/Starbridge/v3 v3.0.17
go: downloading github.com/dustin/go-humanize v1.0.1
go: downloading github.com/getlantern/broflake v0.0.0-20250515135912-b53a6690f363
go: downloading github.com/getlantern/bufconn v0.0.0-20210901195825-fd7c0267b493
go: downloading github.com/getlantern/cmux/v2 v2.0.0-20230301223233-dac79088a4c0
go: downloading github.com/getlantern/cmux v0.0.0-20230301223233-dac79088a4c0
go: downloading github.com/getlantern/cmuxprivate v0.0.0-20211216020409-d29d0d38be54
go: downloading github.com/getlantern/ema v0.0.0-20190620044903-5943d28f40e4
go: downloading github.com/getlantern/hellosplitter v0.1.1
go: downloading github.com/getlantern/idletiming v0.0.0-20201229174729-33d04d220c4e
go: downloading github.com/getlantern/kcpwrapper v0.0.0-20230327091313-c12d7c17c6de
go: downloading github.com/getlantern/keyman v0.0.0-20230503155501-4e864ca2175b
go: downloading github.com/getlantern/lantern-algeneva v0.0.0-20240930181006-6d3c00db1d5d
go: downloading github.com/getlantern/lantern-water v0.0.0-20241218135103-60224336cf1d
go: downloading github.com/getlantern/mtime v0.0.0-20200417132445-23682092d1f7
go: downloading github.com/getlantern/multipath v0.0.0-20230510135141-717ed305ef50
go: downloading github.com/getlantern/proxy/v3 v3.0.0-20240328103708-9185589b6a99
go: downloading github.com/getlantern/psmux v1.5.15
go: downloading github.com/getlantern/quicwrapper v0.0.0-20250417060014-acb01527c4c2
go: downloading github.com/getlantern/sing-vmess v0.0.0-20241209111030-0f2c02b4eb9a
go: downloading github.com/getlantern/tinywss v0.0.0-20211216020538-c10008a7d461
go: downloading github.com/getlantern/tlsdialer/v3 v3.0.5
go: downloading github.com/getlantern/tlsmasq v0.4.7-0.20230302000139-6e479a593298
go: downloading github.com/getlantern/tlsresumption v0.0.0-20241210052744-a1c6aacc1d4d
go: downloading github.com/getlantern/tlsutil v0.5.3
go: downloading github.com/mitchellh/go-server-timing v1.0.1
go: downloading github.com/refraction-networking/utls v1.7.1
go: downloading github.com/refraction-networking/water v0.7.0-alpha
go: downloading github.com/sagernet/sing v0.6.0-alpha.18
go: downloading github.com/samber/lo v1.38.1
go: downloading github.com/xtaci/smux v1.5.35-0.20250217141229-e6b0586a4539
go: downloading github.com/getlantern/go-socks5 v0.0.0-20171114193258-79d4dd3e2db5
go: downloading github.com/getlantern/hidden v0.0.0-20220104173330-f221c5a24770
go: downloading github.com/getlantern/httpseverywhere v0.0.0-20201210200013-19ae11fc4eca
go: downloading github.com/getlantern/iptool v0.0.0-20230112135223-c00e863b2696
go: downloading github.com/getlantern/shortcut v0.0.0-20211026183428-bf59a137fdec
go: downloading github.com/hashicorp/golang-lru v1.0.2
go: downloading github.com/blang/semver v3.5.1+incompatible
go: downloading github.com/getlantern/dnstt v0.0.0-20250530230749-4d64f4edcf0f
go: downloading github.com/getlantern/fronted v0.0.0-20250613043431-4eb545c2da45
go: downloading github.com/getlantern/kindling v0.0.0-20250625194722-aec3e1e74df1
go: downloading github.com/getlantern/timezone v0.0.0-20210901200113-3f9de9d360c9
go: downloading github.com/getlantern/rot13 v0.0.0-20220822172233-370767b2f782
go: downloading github.com/getlantern/yaml v0.0.0-20190801163808-0c9bb1ebf426
go: downloading gopkg.in/yaml.v3 v3.0.1
go: downloading github.com/Jigsaw-Code/outline-sdk/x v0.0.2
go: downloading github.com/alextanhongpin/go-bandit v0.0.0-20191125130111-30de60d69bae
go: downloading github.com/getlantern/domains v0.0.0-20220311111720-94f59a903271
go: downloading github.com/getlantern/jibber_jabber v0.0.0-20210901195950-68955124cc42
go: downloading github.com/getlantern/ops v0.0.0-20231025133620-f368ab734534
go: downloading github.com/getlantern/osversion v0.0.0-20250424174400-d834340603cf
go: downloading go.opentelemetry.io/otel v1.36.0
go: downloading go.opentelemetry.io/otel/exporters/otlp/otlptrace v1.35.0
go: downloading go.opentelemetry.io/otel/exporters/otlp/otlptrace/otlptracehttp v1.35.0
go: downloading go.opentelemetry.io/otel/sdk v1.35.0
go: downloading go.opentelemetry.io/otel/trace v1.36.0
go: downloading github.com/getsentry/sentry-go v0.31.1
go: downloading go.uber.org/atomic v1.10.0
go: downloading github.com/getlantern/event v0.0.0-20210901195647-a7e3145142e6
go: downloading github.com/getlantern/context v0.0.0-20220418194847-3d5e7a086201
go: downloading github.com/go-stack/stack v1.8.1
go: downloading github.com/getlantern/dns v0.0.0-20210120185712-8d005533efa0
go: downloading github.com/oxtoacart/bpool v0.0.0-20190530202638-03653db5a59c
go: downloading go.uber.org/zap v1.26.0
go: downloading github.com/shadowsocks/go-shadowsocks2 v0.1.5
go: downloading golang.org/x/crypto v0.37.0
go: downloading golang.org/x/net v0.39.0
go: downloading github.com/OperatorFoundation/ghostwriter-go v1.0.6
go: downloading github.com/OperatorFoundation/go-shadowsocks2 v1.2.6
go: downloading github.com/aead/ecdh v0.2.0
go: downloading github.com/getlantern/fdcount v0.0.0-20210503151800-5decd65b3731
go: downloading github.com/stretchr/testify v1.10.0
go: downloading github.com/coder/websocket v1.8.12
go: downloading github.com/google/uuid v1.6.0
go: downloading github.com/pion/webrtc/v3 v3.3.4
go: downloading github.com/quic-go/quic-go v0.50.1
go: downloading github.com/mitchellh/go-ps v1.0.0
go: downloading github.com/getlantern/kcp-go/v5 v5.0.0-20220503142114-f0c1cd6e1b54
go: downloading github.com/golang/snappy v0.0.4
go: downloading github.com/getlantern/algeneva v0.0.0-20240222191137-2b4e88234f59
go: downloading github.com/getlantern/byteexec v0.0.0-20220903142956-e6ed20032cfd
go: downloading github.com/getlantern/elevate v0.0.0-20220903142053-479ab992b264
go: downloading github.com/anacrolix/chansync v0.4.1-0.20240627045151-1aa1ac392fe8
go: downloading github.com/anacrolix/torrent v1.53.3
go: downloading go.uber.org/mock v0.5.0
go: downloading github.com/libp2p/go-buffer-pool v0.0.2
go: downloading github.com/getlantern/preconn v1.0.0
go: downloading github.com/prometheus/client_golang v1.19.1
go: downloading github.com/gofrs/uuid/v5 v5.3.0
go: downloading github.com/pkg/errors v0.9.1
go: downloading golang.org/x/sync v0.13.0
go: downloading github.com/felixge/httpsnoop v1.0.4
go: downloading github.com/golang/gddo v0.0.0-20190419222130-af0f2af80721
go: downloading github.com/dvyukov/go-fuzz v0.0.0-20231019021653-5581da83c52f
go: downloading github.com/andybalholm/brotli v1.0.6
go: downloading github.com/cloudflare/circl v1.5.0
go: downloading github.com/klauspost/compress v1.17.4
go: downloading golang.org/x/sys v0.32.0
go: downloading github.com/gaukas/wazerofs v0.1.0
go: downloading github.com/refraction-networking/wazero v1.7.1-w
go: downloading golang.org/x/exp v0.0.0-20240823005443-9b4947da3948
go: downloading github.com/getlantern/hex v0.0.0-20220104173244-ad7e4b9194dc
go: downloading github.com/armon/go-radix v1.0.0
go: downloading github.com/xtaci/kcp-go/v5 v5.6.20
go: downloading www.bamsoftware.com/git/dnstt.git v1.20241021.0
go: downloading github.com/alitto/pond/v2 v2.1.5
go: downloading github.com/getlantern/keepcurrent v0.0.0-20240126172110-2e0264ca385d
go: downloading github.com/goccy/go-yaml v1.15.13
go: downloading github.com/tkuchiki/go-timezone v0.2.0
go: downloading github.com/getlantern/replica v0.14.4
go: downloading github.com/go-logr/logr v1.4.2
go: downloading go.opentelemetry.io/otel/metric v1.36.0
go: downloading go.opentelemetry.io/proto/otlp v1.5.0
go: downloading go.uber.org/multierr v1.11.0
go: downloading github.com/davecgh/go-spew v1.1.1
go: downloading github.com/pmezard/go-difflib v1.0.0
go: downloading github.com/enobufs/go-nats v0.0.1
go: downloading github.com/quic-go/webtransport-go v0.8.1-0.20241018022711-4ac2c9250e66
go: downloading howett.net/plist v1.0.0
go: downloading github.com/pion/datachannel v1.5.8
go: downloading github.com/pion/dtls/v2 v2.2.12
go: downloading github.com/pion/ice/v2 v2.3.36
go: downloading github.com/pion/interceptor v0.1.29
go: downloading github.com/pion/logging v0.2.2
go: downloading github.com/pion/randutil v0.1.0
go: downloading github.com/pion/rtcp v1.2.14
go: downloading github.com/pion/rtp v1.8.7
go: downloading github.com/pion/sctp v1.8.19
go: downloading github.com/pion/sdp/v3 v3.0.9
go: downloading github.com/pion/srtp/v2 v2.0.20
go: downloading github.com/pion/stun v0.6.1
go: downloading github.com/pion/transport/v2 v2.2.10
go: downloading github.com/onsi/ginkgo/v2 v2.12.0
go: downloading github.com/pion/transport v0.14.1
go: downloading github.com/klauspost/reedsolomon v1.12.0
go: downloading github.com/templexxx/xorsimd v0.4.3
go: downloading github.com/tjfoc/gmsm v1.4.1
go: downloading github.com/getlantern/filepersist v0.0.0-20210901195658-ed29a1cb0b7c
go: downloading github.com/RoaringBitmap/roaring v1.2.3
go: downloading github.com/anacrolix/dht/v2 v2.20.0
go: downloading github.com/anacrolix/generics v0.0.3-0.20240902042256-7fb2702ef0ca
go: downloading github.com/anacrolix/go-libutp v1.3.1
go: downloading github.com/anacrolix/log v0.15.3-0.20240627045001-cd912c641d83
go: downloading github.com/anacrolix/missinggo v1.3.0
go: downloading github.com/anacrolix/missinggo/perf v1.0.0
go: downloading github.com/anacrolix/missinggo/v2 v2.7.4
go: downloading github.com/anacrolix/multiless v0.3.1-0.20221221005021-2d12701f83f7
go: downloading github.com/anacrolix/sync v0.5.1
go: downloading github.com/anacrolix/upnp v0.1.4
go: downloading github.com/anacrolix/utp v0.1.0
go: downloading github.com/bahlo/generic-list-go v0.2.0
go: downloading github.com/google/btree v1.1.2
go: downloading github.com/gorilla/websocket v1.5.3
go: downloading golang.org/x/time v0.5.0
go: downloading github.com/beorn7/perks v1.0.1
go: downloading github.com/cespare/xxhash/v2 v2.3.0
go: downloading github.com/prometheus/client_model v0.5.0
go: downloading github.com/prometheus/common v0.48.0
go: downloading github.com/prometheus/procfs v0.12.0
go: downloading github.com/blang/vfs v1.0.0
go: downloading github.com/flynn/noise v1.0.0
go: downloading github.com/mholt/archiver/v3 v3.5.1
go: downloading github.com/go-logr/stdr v1.2.2
go: downloading go.opentelemetry.io/auto/sdk v1.1.0
go: downloading google.golang.org/grpc v1.71.0
go: downloading github.com/grpc-ecosystem/grpc-gateway/v2 v2.26.1
go: downloading github.com/cenkalti/backoff/v4 v4.3.0
go: downloading golang.org/x/text v0.24.0
go: downloading github.com/quic-go/qpack v0.5.1
go: downloading github.com/OperatorFoundation/go-bloom v1.0.1
go: downloading github.com/pion/turn v1.3.7
go: downloading github.com/pion/mdns v0.0.12
go: downloading github.com/pion/turn/v2 v2.1.6
go: downloading golang.org/x/tools v0.24.0
go: downloading golang.org/x/mod v0.20.0
go: downloading github.com/templexxx/cpu v0.1.1
go: downloading github.com/klauspost/cpuid/v2 v2.2.6
go: downloading github.com/bradfitz/iter v0.0.0-20191230175014-e8f45d346db8
go: downloading github.com/rs/dnscache v0.0.0-20211102005908-e0241e321417
go: downloading github.com/anacrolix/mmsg v1.0.0
go: downloading github.com/huandu/xstrings v1.3.2
go: downloading github.com/anacrolix/envpprof v1.3.0
go: downloading github.com/edsrzf/mmap-go v1.1.0
go: downloading github.com/ajwerner/btree v0.0.0-20211221152037-f427b3e689c0
go: downloading github.com/tidwall/btree v1.6.0
go: downloading github.com/go-llsqlite/adapter v0.0.0-20230927005056-7f5ce7f0c916
go: downloading go.etcd.io/bbolt v1.3.7
go: downloading github.com/dsnet/compress v0.0.2-0.20210315054119-f66993602bf5
go: downloading github.com/klauspost/pgzip v1.2.5
go: downloading github.com/nwaples/rardecode v1.1.2
go: downloading github.com/pierrec/lz4/v4 v4.1.16
go: downloading github.com/ulikunitz/xz v0.5.11
go: downloading github.com/xi2/xz v0.0.0-20171230120015-48954b6210f8
go: downloading google.golang.org/genproto/googleapis/api v0.0.0-20250218202821-56aae31c358a
go: downloading google.golang.org/genproto/googleapis/rpc v0.0.0-20250218202821-56aae31c358a
go: downloading github.com/anacrolix/confluence v1.15.0
go: downloading github.com/getlantern/dhtup v0.0.0-20230218063409-258bc7570a27
go: downloading github.com/getlantern/meta-scrubber v0.0.1
go: downloading github.com/go-llsqlite/crawshaw v0.5.1
go: downloading github.com/gorilla/mux v1.8.0
go: downloading github.com/kennygrant/sanitize v1.2.4
go: downloading github.com/wlynxg/anet v0.0.3
go: downloading github.com/go-task/slim-sprig v0.0.0-20230315185526-52ccab3ef572
go: downloading github.com/bits-and-blooms/bitset v1.3.0
go: downloading github.com/mschoch/smat v0.2.0
go: downloading github.com/benbjohnson/immutable v0.4.1-0.20221220213129-8932b999621d
go: downloading zombiezen.com/go/sqlite v0.13.1
go: downloading github.com/anacrolix/squirrel v0.6.4
go: downloading github.com/dsoprea/go-png-image-structure v0.0.0-20200615034826-4cfc78940228
go: downloading github.com/google/pprof v0.0.0-20231101202521-4ca4178f5c7a
go: downloading github.com/anacrolix/stm v0.4.1-0.20221221005312-96d17df0e496
go: downloading modernc.org/libc v1.22.3
go: downloading modernc.org/sqlite v1.21.1
go: downloading github.com/frankban/quicktest v1.14.6
go: downloading github.com/dsoprea/go-exif/v2 v2.0.0-20200604193436-ca8584a0e1c4
go: downloading github.com/dsoprea/go-logging v0.0.0-20200517223158-a10564966e9d
go: downloading github.com/dsoprea/go-utility v0.0.0-20200512094054-1abbbc781176
go: downloading github.com/ryszard/goskiplist v0.0.0-20150312221310-2dfbae5fcf46
go: downloading github.com/google/go-cmp v0.7.0
go: downloading github.com/kr/pretty v0.3.1
go: downloading github.com/mattn/go-isatty v0.0.20
go: downloading modernc.org/mathutil v1.5.0
go: downloading modernc.org/memory v1.5.0
go: downloading github.com/go-errors/errors v1.4.2
go: downloading github.com/alecthomas/atomic v0.1.0-alpha2
go: downloading github.com/kr/text v0.2.0
go: downloading github.com/rogpeppe/go-internal v1.13.1
go: downloading github.com/remyoudompheng/bigfft v0.0.0-20230129092748-24d4a6f8daec
go: downloading github.com/golang/geo v0.0.0-20200319012246-673a6f80352d
go: downloading gopkg.in/yaml.v2 v2.4.0
=== go mod tidy ===
go: downloading github.com/getlantern/mockconn v0.0.0-20200818071412-cb30d065a848
go: downloading github.com/getlantern/uuid v1.2.0
go: downloading github.com/getlantern/grtrack v0.0.0-20231025115619-bfbfadb228f3
go: downloading github.com/getlantern/tlsdefaults v0.0.0-20171004213447-cf35cfd0b1b4
go: downloading github.com/getlantern/waitforserver v1.0.1
go: downloading gopkg.in/check.v1 v1.0.0-20201130134442-10cb98267c6c
go: downloading github.com/spf13/pflag v1.0.5
go: downloading github.com/google/gopacket v1.1.19
go: downloading github.com/kataras/golog v0.1.9
go: downloading github.com/getlantern/nettest v1.0.0
go: downloading github.com/onsi/ginkgo v1.16.5
go: downloading github.com/onsi/gomega v1.27.10
go: downloading github.com/pivotal-cf-experimental/jibber_jabber v0.0.0-20151120183258-bcc4c8345a21
go: downloading go.uber.org/goleak v1.3.0
go: downloading github.com/pingcap/errors v0.11.4
go: downloading github.com/xtaci/lossyconn v0.0.0-20200209145036-adba10fffc37
go: downloading github.com/stretchr/objx v0.5.2
go: downloading github.com/miekg/dns v1.1.50
go: downloading github.com/kataras/pio v0.0.12
go: downloading github.com/things-go/go-socks5 v0.0.5
go: downloading github.com/riobard/go-bloom v0.0.0-20200614022211-cdc8013cb5b3
go: downloading github.com/pion/transport/v3 v3.0.2
go: downloading github.com/anacrolix/lsan v0.0.0-20211126052245-807000409a62
go: downloading github.com/francoispqt/gojay v1.2.13
go: downloading filippo.io/edwards25519 v1.0.0
go: downloading github.com/golang/protobuf v1.5.4
go: downloading go.opentelemetry.io/otel/sdk/metric v1.35.0
go: downloading github.com/alecthomas/assert/v2 v2.0.0-alpha3
go: downloading github.com/alecthomas/repr v0.0.0-20210801044451-80ca428c5142
go: downloading github.com/hexops/gotextdiff v1.0.3
go: finding module for package github.com/nxadm/tail
go: downloading github.com/nxadm/tail v1.4.11
go: found github.com/nxadm/tail in github.com/nxadm/tail v1.4.11
go: downloading gopkg.in/tomb.v1 v1.0.0-20141024135613-dd632973f1e7
go: downloading github.com/fsnotify/fsnotify v1.6.0
=== resolved ===
require github.com/getlantern/flashlight/v7 v7.6.241

########## SMOKE ##########
=== host build ===
# github.com/go-llsqlite/crawshaw
../../../../go/pkg/mod/github.com/go-llsqlite/crawshaw@v0.5.1/zombiezen-compat.go:4:16: undefined: SQLITE_RANGE
../../../../go/pkg/mod/github.com/go-llsqlite/crawshaw@v0.5.1/zombiezen-compat.go:5:16: undefined: SQLITE_ERROR
../../../../go/pkg/mod/github.com/go-llsqlite/crawshaw@v0.5.1/zombiezen-compat.go:6:16: undefined: SQLITE_OK
# github.com/Jigsaw-Code/outline-sdk/x/smart
../../../../go/pkg/mod/github.com/!jigsaw-!code/outline-sdk/x@v0.0.2/smart/dns.go:55:12: undefined: lookupCNAME

########## CORE OUTPUT ##########
no core log

########## CROSS ##########
could not build arm64-v8a

########## PUBLISH ##########
no publish log
